// Jest Snapshot v1, https://goo.gl/fbAQLP

exports[`FixedAnchorNav.vue should render 1`] = `
<div>
  <a
    class="btn btn-success btn-sm"
    href="javascript: void(0);"
  >
    Queries (implement)
  </a>
   
  <div
    class="buttons"
  >
    <button
      class="btn btn-warning btn-sm"
      type="button"
    >
      Stop
    </button>
     
    <button
      class="btn btn-success btn-sm"
      type="button"
    >
      DOWNLOAD
    </button>
  </div>
</div>
`;
