// Jest Snapshot v1, https://goo.gl/fbAQLP

exports[`ko.quickQueryContext.js should render component 1`] = `
"<div data-bind=\\"descendantsComplete: descendantsComplete, component: { name: &quot;quick-query-context&quot;, params: params }\\"><div class=\\"context-popover-flex-fill\\" style=\\"overflow: auto;\\">
  <div style=\\"margin: 10px;\\" data-bind=\\"
    component: { 
      name: 'hue-simple-ace-editor-multi',
      params: {
        autocomplete: autocomplete,
        value: statement,
        lines: 5,
        aceOptions: {
          minLines: 10,
          maxLines: 25
        },
        mode: dialect,
        database: database,
        namespace: namespace,
        compute: compute,
        temporaryOnly: true
      }
    }
  \\" id=\\"uuid-uuid\\"><div class=\\"simple-ace-multi-line\\">
    <div class=\\"ace-editor\\"></div>
  </div></div>
</div></div>"
`;
