// Jest Snapshot v1, https://goo.gl/fbAQLP

exports[`DagSwimlane.vue should render 1`] = `
<div
  class="dag-swimlane"
>
  <div>
    <div
      class="process-names"
    >
      
      <process-name-stub
        process="[object Object]"
      />
      <process-name-stub
        process="[object Object]"
      />
      <process-name-stub
        process="[object Object]"
      />
      
      <div
        class="consolidated-view-label"
      >
        Consolidated
      </div>
    </div>
    <div
      class="process-visuals"
    >
      <div
        class="zoom-panel"
      >
        
        <process-visual-stub
          process="[object Object]"
          processor="[object Object]"
        />
        <process-visual-stub
          process="[object Object]"
          processor="[object Object]"
        />
        <process-visual-stub
          process="[object Object]"
          processor="[object Object]"
        />
        
        <div
          class="consolidated-view"
        >
          
          <consolidated-process-stub
            process="[object Object]"
            processor="[object Object]"
          />
          <consolidated-process-stub
            process="[object Object]"
            processor="[object Object]"
          />
          <consolidated-process-stub
            process="[object Object]"
            processor="[object Object]"
          />
          
        </div>
        <ruler-stub
          processor="[object Object]"
          scroll="0"
          zoom="100"
        />
      </div>
    </div>
    <tool-tip-stub />
  </div>
</div>
`;
