// Jest Snapshot v1, https://goo.gl/fbAQLP

exports[`DagSwimlane.vue should render 1`] = `
<div
  class="dag-swimlane"
>
  <div>
    <div
      class="process-names"
    >
      <processname-stub
        process="[object Object]"
      />
      <processname-stub
        process="[object Object]"
      />
      <processname-stub
        process="[object Object]"
      />
       
      <div
        class="consolidated-view-label"
      >
        
        Consolidated
      
      </div>
    </div>
     
    <div
      class="process-visuals"
    >
      <div
        class="zoom-panel"
      >
        <processvisual-stub
          process="[object Object]"
          processor="[object Object]"
        />
        <processvisual-stub
          process="[object Object]"
          processor="[object Object]"
        />
        <processvisual-stub
          process="[object Object]"
          processor="[object Object]"
        />
         
        <div
          class="consolidated-view"
        >
          <consolidatedprocess-stub
            process="[object Object]"
            processor="[object Object]"
          />
          <consolidatedprocess-stub
            process="[object Object]"
            processor="[object Object]"
          />
          <consolidatedprocess-stub
            process="[object Object]"
            processor="[object Object]"
          />
        </div>
         
        <ruler-stub
          processor="[object Object]"
          scroll="0"
          zoom="100"
        />
      </div>
    </div>
     
    <tooltip-stub />
  </div>
</div>
`;
