// Jest Snapshot v1, https://goo.gl/fbAQLP

exports[`DateRangePicker.vue should render 1`] = `
<div
  class="hue-dropdown-panel"
  inline="false"
>
  <hue-button-stub
    disabled="false"
  />
  <div
    class="hue-dropdown-container"
  >
    <div
      class="hue-dropdown-inner"
    >
      
      <div
        class="date-range-picker-panel"
      >
        <div
          class="date-range-picker-body"
        >
          <div
            class="date-range-picker-preset"
          >
            <div
              style="border-right: 1px solid gray;"
            >
              <header>
                Quick Ranges
              </header>
              <div
                class="preset-list"
              >
                
                <div
                  class="preset-column"
                >
                  
                  <div
                    class="preset-value"
                  >
                    <hue-link-stub />
                  </div>
                  <div
                    class="preset-value"
                  >
                    <hue-link-stub />
                  </div>
                  <div
                    class="preset-value"
                  >
                    <hue-link-stub />
                  </div>
                  <div
                    class="preset-value"
                  >
                    <hue-link-stub />
                  </div>
                  <div
                    class="preset-value"
                  >
                    <hue-link-stub />
                  </div>
                  <div
                    class="preset-value"
                  >
                    <hue-link-stub />
                  </div>
                  <div
                    class="preset-value"
                  >
                    <hue-link-stub />
                  </div>
                  <div
                    class="preset-value"
                  >
                    <hue-link-stub />
                  </div>
                  
                </div>
                <div
                  class="preset-column"
                >
                  
                  <div
                    class="preset-value"
                  >
                    <hue-link-stub />
                  </div>
                  <div
                    class="preset-value"
                  >
                    <hue-link-stub />
                  </div>
                  <div
                    class="preset-value"
                  >
                    <hue-link-stub />
                  </div>
                  <div
                    class="preset-value"
                  >
                    <hue-link-stub />
                  </div>
                  <div
                    class="preset-value"
                  >
                    <hue-link-stub />
                  </div>
                  <div
                    class="preset-value"
                  >
                    <hue-link-stub />
                  </div>
                  <div
                    class="preset-value"
                  >
                    <hue-link-stub />
                  </div>
                  <div
                    class="preset-value"
                  >
                    <hue-link-stub />
                  </div>
                  
                </div>
                <div
                  class="preset-column"
                >
                  
                  <div
                    class="preset-value"
                  >
                    <hue-link-stub />
                  </div>
                  <div
                    class="preset-value"
                  >
                    <hue-link-stub />
                  </div>
                  <div
                    class="preset-value"
                  >
                    <hue-link-stub />
                  </div>
                  <div
                    class="preset-value"
                  >
                    <hue-link-stub />
                  </div>
                  <div
                    class="preset-value"
                  >
                    <hue-link-stub />
                  </div>
                  <div
                    class="preset-value"
                  >
                    <hue-link-stub />
                  </div>
                  <div
                    class="preset-value"
                  >
                    <hue-link-stub />
                  </div>
                  <div
                    class="preset-value"
                  >
                    <hue-link-stub />
                  </div>
                  
                </div>
                
              </div>
            </div>
          </div>
          <div
            class="date-range-picker-custom"
          >
            <header>
              Time Range
            </header>
            <div>
              <div
                class="range-header"
              >
                FROM:
              </div>
              <datepicker-stub
                calendar-class="range-calendar"
                format="dd/MM/yyyy"
                input-class="range-input"
                placeholder="DD/MM/YYYY"
                typeable="true"
              />
            </div>
            <div>
              <div
                class="range-header"
              >
                TO:
              </div>
              <datepicker-stub
                calendar-class="range-calendar"
                format="dd/MM/yyyy"
                input-class="range-input"
                placeholder="DD/MM/YYYY"
                typeable="true"
              />
            </div>
          </div>
        </div>
        <div
          class="date-range-picker-footer"
        >
          <hue-link-stub />
          <hue-button-stub
            primary="true"
            small="true"
          />
        </div>
      </div>
      
    </div>
  </div>
</div>
`;
