// Jest Snapshot v1, https://goo.gl/fbAQLP

exports[`Modal.vue should render a modal 1`] = `
<transition-stub>
  <div
    class="modal-mask"
  >
    <div
      class="modal-wrapper"
    >
      <div
        class="modal-container"
      >
        <div
          class="modal-header"
        >
          
          
          <i
            aria-hidden="true"
            class="fa fa-times"
          />
        </div>
        <div
          class="modal-body"
        >
          
          
        </div>
        <div
          class="modal-footer"
        >
          
          <button
            class="modal-default-button"
          >
            CLOSE
          </button>
          
        </div>
      </div>
    </div>
  </div>
</transition-stub>
`;
