// Jest Snapshot v1, https://goo.gl/fbAQLP

exports[`HiveTimeline.vue should render 1`] = `
<div
  class="hive-timeline"
>
  <div
    class="timeline-bars"
    style="width: 100%;"
  >
    <div
      class="groups"
    >
      <div
        class="bar"
        data-value="0"
        style="display: none;"
        title="Pre-Execution + DAG construction"
      >
         Pre-Execution + DAG construction 
      </div>
      <div
        class="bar"
        data-value="0"
        style="display: none;"
        title="DAG Submission"
      >
         DAG Submission 
      </div>
      <div
        class="bar"
        data-value="0"
        style="display: none;"
        title="DAG Runtime"
      >
         DAG Runtime 
      </div>
      <div
        class="bar"
        data-value="0"
        style="display: none;"
        title="Post Execution"
      >
         Post Execution 
      </div>
    </div>
    <div
      class="sub-groups"
    >
      <div
        class="bar"
        data-value="0"
        style="display: none;"
        title="Compile"
      >
        Compile
      </div>
      <div
        class="bar"
        data-value="0"
        style="display: none;"
        title="Parse"
      >
        Parse
      </div>
      <div
        class="bar"
        data-value="0"
        style="display: none;"
        title="Build Dag"
      >
        Build Dag
      </div>
      <div
        class="bar"
        data-value="0"
        style="display: none;"
        title="Submit Dag"
      >
         Submit Dag 
      </div>
      <div
        class="bar"
        data-value="0"
        style="display: none;"
        title="Submit To Running"
      >
         Submit To Running 
      </div>
      <div
        class="bar"
        data-value="0"
        style="display: none;"
        title="Run Dag"
      >
        Run Dag
      </div>
      <div
        class="bar"
        data-value="0"
        style="display: none;"
        title="Post Logging Hook"
      >
         Post ATS Hook 
      </div>
      <div
        class="bar"
        data-value="0"
        style="display: none;"
        title="Remove Files"
      >
         Remove Files 
      </div>
      <div
        class="bar"
        data-value="0"
        style="display: none;"
        title="Rename Or Move Files"
      >
         Rename Or Move Files 
      </div>
    </div>
  </div>
  <div
    class="timeline-details"
  >
    <table
      aria-describedby="Pre-Execution + DAG construction"
      class="detail-list"
    >
      <thead>
        <tr>
          <th
            colspan="2"
            scope="colgroup"
          >
             Pre-Execution + DAG construction : 0ms
          </th>
        </tr>
      </thead>
      <tbody>
        <tr>
          <td>
            <i />
            Compile
          </td>
          <td>
            0ms
          </td>
        </tr>
        <tr>
          <td>
            <i />
            Parse
          </td>
          <td>
            0ms
          </td>
        </tr>
        <tr>
          <td>
            <i />
            Build Dag
          </td>
          <td>
            0ms
          </td>
        </tr>
      </tbody>
    </table>
    <table
      aria-describedby="DAG Submission"
      class="detail-list"
    >
      <thead>
        <tr>
          <th
            colspan="2"
            scope="colgroup"
          >
             DAG Submission : 0ms
          </th>
        </tr>
      </thead>
      <tbody>
        <tr>
          <td>
            <i />
            Submit Dag
          </td>
          <td>
            0ms
          </td>
        </tr>
        <tr>
          <td>
            <i />
            Submit To Running
          </td>
          <td>
            0ms
          </td>
        </tr>
      </tbody>
    </table>
    <table
      aria-describedby="DAG Runtime"
      class="detail-list"
    >
      <thead>
        <tr>
          <th
            colspan="2"
            scope="colgroup"
          >
             DAG Runtime : 0ms
          </th>
        </tr>
      </thead>
      <tbody>
        <tr>
          <td>
            <i />
            Run Dag
          </td>
          <td>
            0ms
          </td>
        </tr>
      </tbody>
    </table>
    <table
      aria-describedby="Post Execution"
      class="detail-list"
    >
      <thead>
        <tr>
          <th
            colspan="2"
            scope="colgroup"
          >
             Post Execution : 0ms
          </th>
        </tr>
      </thead>
      <tbody>
        <!--v-if-->
        <!--v-if-->
        <!--v-if-->
      </tbody>
    </table>
  </div>
</div>
`;
