// Jest Snapshot v1, https://goo.gl/fbAQLP

exports[`ExecutableProgressBar.vue should render 1`] = `
<div
  class="executable-progress-container"
>
  <div
    class="executable-progress"
  >
    <div
      class="executable-progress-bar"
      style="width: 2%; height: 100%;"
    />
  </div>
</div>
`;
