// Jest Snapshot v1, https://goo.gl/fbAQLP

exports[`DagInfo.vue should render 1`] = `
<div
  class="hue-info-box"
>
  <labeled-info-stub
    class="inline-info"
    label="DAG ID"
  />
  <labeled-info-stub
    class="inline-info"
    label="DAG Name"
  />
  <labeled-info-stub
    class="inline-info"
    label="Status"
  />
  <labeled-info-stub
    class="inline-info"
    label="Duration"
  />
  <labeled-info-stub
    class="inline-info"
    label="Start Time"
  />
  <labeled-info-stub
    class="inline-info"
    label="End Time"
  />
  <!--v-if-->
</div>
`;
