// Jest Snapshot v1, https://goo.gl/fbAQLP

exports[`QueryInfo.vue should render 1`] = `
<div
  class="query-info layout-row"
>
  <div>
    <div
      class="hue-info-box"
    >
      <labeledinfo-stub
        label="Query"
      >
        <sql-text-stub
          enableoverflow="true"
          format="true"
        />
      </labeledinfo-stub>
    </div>
  </div>
   
  <div>
    <div
      class="hue-info-box"
    >
      <labeledinfo-stub
        label="Start Time"
      >
        <!---->
      </labeledinfo-stub>
       
      <labeledinfo-stub
        label="End Time"
      >
        <!---->
      </labeledinfo-stub>
       
      <labeledinfo-stub
        label="Duration"
      >
        <!---->
      </labeledinfo-stub>
       
      <labeledinfo-stub
        label="Tables Read"
      >
        <tableslist-stub />
      </labeledinfo-stub>
       
      <labeledinfo-stub
        label="Tables Written"
      >
        <tableslist-stub />
      </labeledinfo-stub>
       
      <labeledinfo-stub
        label="Application ID"
      >
        
        
      
      </labeledinfo-stub>
       
      <labeledinfo-stub
        label="DAG ID"
      >
        
        
      
      </labeledinfo-stub>
       
      <labeledinfo-stub
        label="Session ID"
      >
        
        
      
      </labeledinfo-stub>
       
      <labeledinfo-stub
        label="LLAP App ID"
      >
        
        
      
      </labeledinfo-stub>
       
      <labeledinfo-stub
        label="Thread Id"
      >
        
        
      
      </labeledinfo-stub>
       
      <labeledinfo-stub
        label="Queue"
      >
        <span>
          None
        </span>
      </labeledinfo-stub>
    </div>
  </div>
</div>
`;
