// Jest Snapshot v1, https://goo.gl/fbAQLP

exports[`QueryInfo.vue should render 1`] = `
<div
  class="query-info layout-row"
>
  <div>
    <div
      class="hue-info-box"
    >
      <labeled-info-stub
        label="Query"
      />
    </div>
  </div>
  <div>
    <div
      class="hue-info-box"
    >
      <labeled-info-stub
        label="Start Time"
      />
      <labeled-info-stub
        label="End Time"
      />
      <labeled-info-stub
        label="Duration"
      />
      <labeled-info-stub
        label="Tables Read"
      />
      <labeled-info-stub
        label="Tables Written"
      />
      <labeled-info-stub
        label="Application ID"
      />
      <labeled-info-stub
        label="DAG ID"
      />
      <labeled-info-stub
        label="Session ID"
      />
      <labeled-info-stub
        label="LLAP App ID"
      />
      <labeled-info-stub
        label="Thread Id"
      />
      <labeled-info-stub
        label="Queue"
      />
    </div>
  </div>
</div>
`;
