// Jest Snapshot v1, https://goo.gl/fbAQLP

exports[`QueryDetailsDiff.vue should render 1`] = `
<div>
  <div
    class="buttons-container"
  >
    <hue-button-stub>
      Queries
    </hue-button-stub>
  </div>
   
  <div
    class="hue-layout-row"
  >
    <queryinfotop-stub
      query="[object Object]"
    />
     
    <queryinfotop-stub
      class="query-b"
      query="[object Object]"
    />
  </div>
   
  <tabs-stub>
    <tab-stub
      class="query-info"
      title="Query Info"
    >
      <queryinfo-stub
        layout="column"
        query="[object Object]"
      />
       
      <queryinfo-stub
        class="query-b-deep"
        layout="column"
        query="[object Object]"
      />
    </tab-stub>
     
    <tab-stub
      class="hue-layout-row"
      lazy="true"
      title="Visual Explain"
    >
      <visualexplain-stub
        query="[object Object]"
      />
       
      <visualexplain-stub
        class="query-b"
        query="[object Object]"
      />
    </tab-stub>
     
    <tab-stub
      class="hue-layout-column"
      title="Timeline"
    >
      <div
        class="hue-info-box"
      >
        <labeledinfo-stub
          label="Query"
        >
          hive_20200923115641_4eaa9303-d8d6-4d9e-a7d9-dec969781b35
        </labeledinfo-stub>
         
        <hivetimeline-stub
          perf="[object Object]"
        />
      </div>
       
      <div
        class="hue-info-box query-b"
      >
        <labeledinfo-stub
          label="Query"
        >
          hive_20200925121648_f613ce22-571c-4650-b594-8ee37f2adbe8
        </labeledinfo-stub>
         
        <hivetimeline-stub
          perf="[object Object]"
        />
      </div>
    </tab-stub>
     
    <tab-stub
      title="Query Config"
    >
      <label
        class="hide-similar"
      >
        <input
          type="checkbox"
        />
         Hide Equal Values
      
      </label>
       
      <configstable-stub
        class="query-b-deep"
        configs="[object Object],[object Object]"
      />
    </tab-stub>
     
    <tab-stub
      class="hue-layout-row"
      title="DAG Info *"
    >
      <div
        class="hue-layout-column"
      >
        <daginfo-stub
          dag="[object Object]"
        />
         
        <!---->
      </div>
       
      <div
        class="hue-layout-column"
      >
        <daginfo-stub
          class="query-b"
          dag="[object Object]"
        />
        <daginfo-stub
          class="query-b"
          dag="[object Object]"
        />
         
        <!---->
      </div>
    </tab-stub>
     
    <tab-stub
      class="hue-layout-row"
      title="DAG Flow"
    >
      <div
        class="hue-layout-column"
      >
        <div>
          <labeledinfo-stub
            label="DAG"
          >
            dag_1600862070512_0001_8
          </labeledinfo-stub>
           
          <daggraph-stub
            dag="[object Object]"
          />
        </div>
         
        <!---->
      </div>
       
      <div
        class="hue-layout-column query-b-deep"
      >
        <div>
          <labeledinfo-stub
            label="DAG"
          >
            dag_1600683331174_0003_2
          </labeledinfo-stub>
           
          <daggraph-stub
            dag="[object Object]"
          />
        </div>
        <div>
          <labeledinfo-stub
            label="DAG"
          >
            dag_1600683331174_0003_4
          </labeledinfo-stub>
           
          <daggraph-stub
            dag="[object Object]"
          />
        </div>
         
        <!---->
      </div>
    </tab-stub>
     
    <tab-stub
      class="hue-layout-column"
      title="DAG Swimlane"
    >
      <div
        class="hue-layout-column hue-info-box"
      >
        <div>
          <labeledinfo-stub
            label="DAG"
          >
            dag_1600862070512_0001_8
          </labeledinfo-stub>
           
          <dagswimlane-stub
            consolidate="true"
            dag="[object Object]"
          />
        </div>
         
        <!---->
      </div>
       
      <div
        class="hue-layout-column hue-info-box query-b"
      >
        <div>
          <labeledinfo-stub
            label="DAG"
          >
            dag_1600683331174_0003_2
          </labeledinfo-stub>
           
          <dagswimlane-stub
            consolidate="true"
            dag="[object Object]"
          />
        </div>
        <div>
          <labeledinfo-stub
            label="DAG"
          >
            dag_1600683331174_0003_4
          </labeledinfo-stub>
           
          <dagswimlane-stub
            consolidate="true"
            dag="[object Object]"
          />
        </div>
         
        <!---->
      </div>
    </tab-stub>
     
    <tab-stub
      title="DAG Counters"
    >
      <label
        class="hide-similar"
      >
        <input
          type="checkbox"
        />
         Hide Equal Values
        
      </label>
       
      <counterstable-stub
        class="query-b-deep"
        counters="[object Object],[object Object],[object Object]"
      />
    </tab-stub>
     
    <tab-stub
      title="DAG Configurations"
    >
      <label
        class="hide-similar"
      >
        <input
          type="checkbox"
        />
         Hide Equal Values
        
      </label>
       
      <configstable-stub
        class="query-b-deep"
        configs="[object Object],[object Object],[object Object]"
      />
    </tab-stub>
  </tabs-stub>
</div>
`;
