// Jest Snapshot v1, https://goo.gl/fbAQLP

exports[`QueryInfoTop.vue should render 1`] = `
<div
  class="hue-info-box"
>
  <labeledinfo-stub
    class="inline-info"
    label="Query ID"
  >
    
    
  
  </labeledinfo-stub>
   
  <labeledinfo-stub
    class="inline-info"
    label="User"
  >
    
    
  
  </labeledinfo-stub>
   
  <labeledinfo-stub
    class="inline-info"
    label="Status"
  >
    <statusindicator-stub
      value="unknown"
    />
    
    
  
  </labeledinfo-stub>
</div>
`;
