// Jest Snapshot v1, https://goo.gl/fbAQLP

exports[`QueryDetails.vue should render 1`] = `
<div>
  <div>
    <div>
      <hue-button-stub>
        Queries
      </hue-button-stub>
       
      <hue-button-stub>
        Stop
      </hue-button-stub>
       
      <hue-button-stub>
        Download
      </hue-button-stub>
    </div>
     
    <queryinfotop-stub
      query="[object Object]"
    />
     
    <tabs-stub>
      <tab-stub
        title="Query Info"
      >
        <queryinfo-stub
          query="[object Object]"
        />
      </tab-stub>
       
      <tab-stub
        lazy="true"
        title="Visual Explain"
      >
        <visualexplain-stub
          query="[object Object]"
        />
      </tab-stub>
       
      <tab-stub
        title="Timeline"
      >
        <hivetimeline-stub
          perf="[object Object]"
        />
      </tab-stub>
       
      <tab-stub
        title="Query Config"
      >
        <configstable-stub
          configs="[object Object]"
        />
      </tab-stub>
       
      <tab-stub
        title="DAG Info"
      >
        <div
          class="dag-info"
        >
          <daginfo-stub
            dag="[object Object]"
          />
        </div>
        <div
          class="dag-info"
        >
          <daginfo-stub
            dag="[object Object]"
          />
        </div>
      </tab-stub>
       
      <tab-stub
        title="DAG Flow"
      >
        <div
          class="dag-details"
        >
          <div
            class="dag-title"
          >
            <div
              class="dag-label"
            >
              Dag
            </div>
             
            <div
              class="dag-name"
            >
              dag_1600683331174_0003_2
            </div>
          </div>
           
          <daggraph-stub
            dag="[object Object]"
          />
        </div>
        <div
          class="dag-details"
        >
          <div
            class="dag-title"
          >
            <div
              class="dag-label"
            >
              Dag
            </div>
             
            <div
              class="dag-name"
            >
              dag_1600683331174_0003_4
            </div>
          </div>
           
          <daggraph-stub
            dag="[object Object]"
          />
        </div>
      </tab-stub>
       
      <tab-stub
        title="DAG Swimlane"
      >
        <div
          class="dag-details"
        >
          <div
            class="dag-title"
          >
            <div
              class="dag-label"
            >
              Dag
            </div>
             
            <div
              class="dag-name"
            >
              dag_1600683331174_0003_2
            </div>
          </div>
           
          <dagswimlane-stub
            consolidate="true"
            dag="[object Object]"
          />
        </div>
        <div
          class="dag-details"
        >
          <div
            class="dag-title"
          >
            <div
              class="dag-label"
            >
              Dag
            </div>
             
            <div
              class="dag-name"
            >
              dag_1600683331174_0003_4
            </div>
          </div>
           
          <dagswimlane-stub
            consolidate="true"
            dag="[object Object]"
          />
        </div>
      </tab-stub>
       
      <tab-stub
        title="DAG Counters"
      >
        <div
          class="dag-details"
        >
          <div
            class="dag-title"
          >
            <div
              class="dag-label"
            >
              Dag
            </div>
             
            <div
              class="dag-name"
            >
              dag_1600683331174_0003_2
            </div>
          </div>
           
          <counterstable-stub
            counters="[object Object]"
          />
        </div>
        <div
          class="dag-details"
        >
          <div
            class="dag-title"
          >
            <div
              class="dag-label"
            >
              Dag
            </div>
             
            <div
              class="dag-name"
            >
              dag_1600683331174_0003_4
            </div>
          </div>
           
          <counterstable-stub
            counters="[object Object]"
          />
        </div>
      </tab-stub>
       
      <tab-stub
        title="DAG Configurations"
      >
        <div
          class="dag-details"
        >
          <div
            class="dag-title"
          >
            <div
              class="dag-label"
            >
              Dag
            </div>
             
            <div
              class="dag-name"
            >
              dag_1600683331174_0003_2
            </div>
          </div>
           
          <configstable-stub
            configs="[object Object]"
          />
        </div>
        <div
          class="dag-details"
        >
          <div
            class="dag-title"
          >
            <div
              class="dag-label"
            >
              Dag
            </div>
             
            <div
              class="dag-name"
            >
              dag_1600683331174_0003_4
            </div>
          </div>
           
          <configstable-stub
            configs="[object Object]"
          />
        </div>
      </tab-stub>
    </tabs-stub>
  </div>
</div>
`;
