// Jest Snapshot v1, https://goo.gl/fbAQLP

exports[`QueryDetails.vue should render 1`] = `
<div>
  <div>
    <div
      class="buttons-container"
    >
      <hue-button-stub />
      <query-kill-button-stub
        queries="[object Object]"
      />
      <a
        class="btn btn-outline-primary download-link"
        download=""
        href="/jobbrowser/query-store/data-bundle/hive_20200925121648_f613ce22-571c-4650-b594-8ee37f2adbe8"
        target="_blank"
      >
         Download 
      </a>
    </div>
    <query-info-top-stub
      query="[object Object]"
    />
    <tabs-stub />
  </div>
</div>
`;
