// Jest Snapshot v1, https://goo.gl/fbAQLP

exports[`DagDetails.vue should render 1`] = `
<div
  class="target detail-panel dag-panel"
  id="dag-panel"
>
  <div>
    dag_1600683331174_0003_2
  </div>
   
  <tabs-stub>
    <tab-stub
      title="DAG COUNTERS"
    >
      <dag-counters-stub />
    </tab-stub>
     
    <tab-stub
      title="DAG FLOW"
    >
      <daggraph-stub
        dag="[object Object]"
      />
    </tab-stub>
     
    <tab-stub
      title="DAG SWIMLANE"
    >
      <dagswimlane-stub
        consolidate="true"
        dag="[object Object]"
      />
    </tab-stub>
     
    <tab-stub
      title="DAG CONFIGURATIONS"
    >
      <dag-configs-stub
        dag="[object Object]"
        title="Configurations"
      />
    </tab-stub>
  </tabs-stub>
</div>
`;
