// Jest Snapshot v1, https://goo.gl/fbAQLP

exports[`DagDetails.vue should render 1`] = `
<div
  class="target detail-panel dag-panel"
  id="dag-panel"
  query="[object Object]"
>
  <div>
    
  </div>
   
  <tabs-stub>
    <tab-stub
      title="DAG SWIMLANE"
    >
      <dag-swimlane-stub />
    </tab-stub>
     
    <tab-stub
      title="DAG FLOW"
    >
      <dag-graphical-view-stub />
    </tab-stub>
     
    <tab-stub
      title="DAG COUNTERS"
    >
      <dag-counters-stub />
    </tab-stub>
     
    <tab-stub
      title="DAG CONFIGURATIONS"
    >
      <dag-configs-stub
        title="Configurations"
      />
    </tab-stub>
  </tabs-stub>
</div>
`;
