// Jest Snapshot v1, https://goo.gl/fbAQLP

exports[`QueryInfo.vue should render 1`] = `
<div>
  <div
    class="target detail-panel"
    id="query-details"
  >
    <div
      class="row"
    >
      <div
        class="col-md-12"
      >
        <div
          class="query-title"
        >
          
          Query Details 
          <!---->
        </div>
      </div>
    </div>
     
    <div
      class="row"
    >
      <div
        class="col-md-4"
      >
        <div
          class="query-details-row"
        >
          <label
            class="query-details-label"
          >
            Query ID
          </label>
           
          <div
            class="query-details-value"
          >
            
            
          
          </div>
        </div>
         
        <div
          class="query-details-row"
        >
          <label
            class="query-details-label"
          >
            User
          </label>
           
          <div
            class="query-details-value"
          >
            
            
          
          </div>
        </div>
         
        <div
          class="query-details-row"
        >
          <label
            class="query-details-label"
          >
            Status
          </label>
           
          <div
            class="query-details-value"
          >
            
            
          </div>
        </div>
         
        <div
          class="query-details-row"
        >
          <label
            class="query-details-label"
          >
            Start Time
          </label>
           
          <div
            class="query-details-value"
          >
            
            
          </div>
        </div>
         
        <div
          class="query-details-row"
        >
          <label
            class="query-details-label"
          >
            End Time
          </label>
           
          <div
            class="query-details-value"
          >
            
            
          </div>
        </div>
         
        <div
          class="query-details-row"
        >
          <label
            class="query-details-label"
          >
            Duration
          </label>
           
          <div
            class="query-details-value"
          >
            
            
          </div>
        </div>
         
        <div
          class="query-details-row"
        >
          <label
            class="query-details-label"
          >
            Tables Read
          </label>
           
          <div
            class="query-details-value"
          >
            <span
              class="txt-message"
            >
              Not Available!
            </span>
          </div>
        </div>
         
        <div
          class="query-details-row"
        >
          <label
            class="query-details-label"
          >
            Tables Written
          </label>
           
          <div
            class="query-details-value"
          >
            <span
              class="txt-message"
            >
              Not Available!
            </span>
          </div>
        </div>
         
        <div
          class="query-details-row"
        >
          <label
            class="query-details-label"
          >
            Application ID
          </label>
           
          <div
            class="query-details-value"
          >
            <span
              class="txt-message"
            >
              Not Available!
            </span>
          </div>
        </div>
         
        <div
          class="query-details-row"
        >
          <label
            class="query-details-label"
          >
            DAG ID
          </label>
           
          <div
            class="query-details-value"
          >
            <span
              class="txt-message"
            >
              Not Available!
            </span>
          </div>
        </div>
         
        <div
          class="query-details-row"
        >
          <label
            class="query-details-label"
          >
            Session ID
          </label>
           
          <div
            class="query-details-value"
          >
            
            
          
          </div>
        </div>
         
        <!---->
         
        <div
          class="query-details-row"
        >
          <label
            class="query-details-label"
          >
            Thread Id
          </label>
           
          <div
            class="query-details-value"
          >
            
            
          
          </div>
        </div>
         
        <div
          class="query-details-row"
        >
          <label
            class="query-details-label"
          >
            Queue
          </label>
           
          <div
            class="query-details-value"
          >
            <span>
              None
            </span>
          </div>
        </div>
      </div>
       
      <div
        class="col-md-8"
      >
        <sql-text-stub />
      </div>
    </div>
  </div>
   
  <!---->
</div>
`;
