// Jest Snapshot v1, https://goo.gl/fbAQLP

exports[`QueryDetailsDiff.vue should render 1`] = `
<div>
  <div
    style="margin-bottom: 20px;"
  >
    <hue-button-stub>
      Queries
    </hue-button-stub>
  </div>
   
  <div>
    <tabs-stub>
      <tab-stub
        title="Query Info"
      >
        <queryinfo-stub
          class="side-by-side"
          query="[object Object]"
        />
         
        <queryinfo-stub
          class="side-by-side"
          query="[object Object]"
        />
      </tab-stub>
       
      <tab-stub
        lazy="true"
        title="Visual Explain"
      >
        <visualexplain-stub
          class="side-by-side"
          query="[object Object]"
        />
         
        <visualexplain-stub
          class="side-by-side"
          query="[object Object]"
        />
      </tab-stub>
       
      <tab-stub
        title="Timeline"
      >
        <hivetimeline-stub
          perf="[object Object]"
        />
         
        <hivetimeline-stub
          perf="[object Object]"
        />
      </tab-stub>
       
      <tab-stub
        title="Query Config"
      >
        <label
          class="hide-similar"
        >
          <input
            type="checkbox"
          />
           Hide Similar Values
        
        </label>
         
        <configstable-stub
          configs="[object Object],[object Object]"
        />
      </tab-stub>
    </tabs-stub>
  </div>
   
  <div
    class="target detail-panel"
  >
    <div>
      
      Dag 1 : dag_1600683331174_0003_2 |
      dag_1600683331174_0003_2
    
    </div>
     
    <tabs-stub>
      <tab-stub
        title="DAG Info"
      >
        <daginfo-stub
          class="side-by-side"
          dag="[object Object]"
        />
         
        <daginfo-stub
          class="side-by-side"
          dag="[object Object]"
        />
      </tab-stub>
       
      <tab-stub
        title="DAG Flow"
      >
        <daggraph-stub
          class="side-by-side"
          dag="[object Object]"
        />
         
        <daggraph-stub
          class="side-by-side"
          dag="[object Object]"
        />
      </tab-stub>
       
      <tab-stub
        title="DAG Swimlane"
      >
        <dagswimlane-stub
          consolidate="true"
          dag="[object Object]"
        />
         
        <dagswimlane-stub
          consolidate="true"
          dag="[object Object]"
        />
      </tab-stub>
       
      <tab-stub
        title="DAG Counters"
      >
        <label
          class="hide-similar"
        >
          <input
            type="checkbox"
          />
           Hide Similar Values
        
        </label>
         
        <counterstable-stub
          counters="[object Object],[object Object]"
        />
      </tab-stub>
       
      <tab-stub
        title="DAG Configurations"
      >
        <label
          class="hide-similar"
        >
          <input
            type="checkbox"
          />
           Hide Similar Values
        
        </label>
         
        <configstable-stub
          configs="[object Object],[object Object]"
        />
      </tab-stub>
    </tabs-stub>
  </div>
</div>
`;
