// Jest Snapshot v1, https://goo.gl/fbAQLP

exports[`QueryInfo.vue should render 1`] = `
<div>
  <div>
    <div
      class="query-details-row"
    >
      <div
        class="query-details-label"
      >
        Query ID
      </div>
       
      <div
        class="query-details-value"
      >
        
      </div>
    </div>
     
    <div
      class="query-details-row"
    >
      <div
        class="query-details-label"
      >
        User
      </div>
       
      <div
        class="query-details-value"
      >
        
      </div>
    </div>
     
    <div
      class="query-details-row"
    >
      <div
        class="query-details-label"
      >
        Status
      </div>
       
      <div
        class="query-details-value"
      >
        
      </div>
    </div>
     
    <div
      class="query-details-row"
    >
      <div
        class="query-details-label"
      >
        Start Time
      </div>
       
      <div
        class="query-details-value"
      >
        <time-ago-stub />
      </div>
    </div>
     
    <div
      class="query-details-row"
    >
      <div
        class="query-details-label"
      >
        End Time
      </div>
       
      <div
        class="query-details-value"
      >
        <time-ago-stub />
      </div>
    </div>
     
    <div
      class="query-details-row"
    >
      <div
        class="query-details-label"
      >
        Duration
      </div>
       
      <div
        class="query-details-value"
      >
        <span>
          -
        </span>
      </div>
    </div>
     
    <div
      class="query-details-row"
    >
      <div
        class="query-details-label"
      >
        Tables Read
      </div>
       
      <div
        class="query-details-value"
      >
        <span>
          -
        </span>
      </div>
    </div>
     
    <div
      class="query-details-row"
    >
      <div
        class="query-details-label"
      >
        Tables Written
      </div>
       
      <div
        class="query-details-value"
      >
        <span>
          -
        </span>
      </div>
    </div>
     
    <div
      class="query-details-row"
    >
      <div
        class="query-details-label"
      >
        Application ID
      </div>
       
      <div
        class="query-details-value"
      >
        <span>
          -
        </span>
      </div>
    </div>
     
    <div
      class="query-details-row"
    >
      <div
        class="query-details-label"
      >
        DAG ID
      </div>
       
      <div
        class="query-details-value"
      >
        <span>
          -
        </span>
      </div>
    </div>
     
    <div
      class="query-details-row"
    >
      <div
        class="query-details-label"
      >
        Session ID
      </div>
       
      <div
        class="query-details-value"
      >
        
      </div>
    </div>
     
    <!---->
     
    <div
      class="query-details-row"
    >
      <div
        class="query-details-label"
      >
        Thread Id
      </div>
       
      <div
        class="query-details-value"
      >
        
      </div>
    </div>
     
    <div
      class="query-details-row"
    >
      <div
        class="query-details-label"
      >
        Queue
      </div>
       
      <div
        class="query-details-value"
      >
        <span>
          None
        </span>
      </div>
    </div>
     
    <sql-text-stub />
  </div>
   
  <!---->
</div>
`;
