// Jest Snapshot v1, https://goo.gl/fbAQLP

exports[`QueryDetails.vue should render 1`] = `
<div>
  <div>
    <div>
      <hue-button-stub>
        Queries
      </hue-button-stub>
       
      <hue-button-stub>
        Stop
      </hue-button-stub>
       
      <hue-button-stub>
        Download
      </hue-button-stub>
    </div>
     
    <tabs-stub>
      <tab-stub
        title="Query Info"
      >
        <queryinfo-stub
          query="[object Object]"
        />
      </tab-stub>
       
      <tab-stub
        lazy="true"
        title="Visual Explain"
      >
        <visualexplain-stub
          query="[object Object]"
        />
      </tab-stub>
       
      <tab-stub
        title="Timeline"
      >
        <hivetimeline-stub
          perf="[object Object]"
        />
      </tab-stub>
       
      <tab-stub
        title="Query Config"
      >
        <configstable-stub
          configs="[object Object]"
        />
      </tab-stub>
    </tabs-stub>
  </div>
   
  <div
    class="target detail-panel"
  >
    <div
      class="dag-title"
    >
      <div
        class="dag-label"
      >
        Dag
      </div>
       
      <div
        class="dag-name"
      >
        dag_1600683331174_0003_2
      </div>
    </div>
     
    <tabs-stub>
      <tab-stub
        title="DAG Info"
      >
        <daginfo-stub
          dag="[object Object]"
        />
      </tab-stub>
       
      <tab-stub
        title="DAG Flow"
      >
        <daggraph-stub
          dag="[object Object]"
        />
      </tab-stub>
       
      <tab-stub
        title="DAG Swimlane"
      >
        <dagswimlane-stub
          consolidate="true"
          dag="[object Object]"
        />
      </tab-stub>
       
      <tab-stub
        title="DAG Counters"
      >
        <counterstable-stub
          counters="[object Object]"
        />
      </tab-stub>
       
      <tab-stub
        title="DAG Configurations"
      >
        <configstable-stub
          configs="[object Object]"
        />
      </tab-stub>
    </tabs-stub>
  </div>
</div>
`;
