// Jest Snapshot v1, https://goo.gl/fbAQLP

exports[`DagDetails.vue should render 1`] = `
<div
  class="target detail-panel dag-panel"
  id="dag-panel"
>
  <select
    class="form-control"
  >
    <option
      value="dag 1"
    >
      dag 1
    </option>
    <option
      value="dag 2"
    >
      dag 2
    </option>
  </select>
   
  <br />
   
  <tabs-stub>
    <tab-stub
      title="DAG INFO"
    >
      <dag-swimlane-stub />
    </tab-stub>
     
    <tab-stub
      title="DAG FLOW"
    >
      <dag-graphical-view-stub />
    </tab-stub>
     
    <tab-stub
      title="DAG COUNTERS"
    >
      <dag-counters-stub />
    </tab-stub>
     
    <tab-stub
      title="DAG CONFIGURATIONS"
    >
      <dag-configs-stub />
    </tab-stub>
  </tabs-stub>
</div>
`;
