// Jest Snapshot v1, https://goo.gl/fbAQLP

exports[`QueryVisualExplain.vue should render 1`] = `
<div
  class="target detail-panel query-details-visualExplain"
>
  <div>
    <div
      class="row"
    >
      <div
        class="col-md-12"
      >
        <div
          class="title"
        >
          
            Visual Explain
          
        </div>
      </div>
    </div>
     
    <div
      class="row"
    >
      <div
        class="col-md-12"
      >
        <div
          class="body"
        >
          <visual-explain-stub
            queries="[object Object]"
          />
        </div>
      </div>
    </div>
  </div>
</div>
`;
