// Jest Snapshot v1, https://goo.gl/fbAQLP

exports[`ko.globalSearch.js should render component 1`] = `
"<div data-bind=\\"descendantsComplete: descendantsComplete, component: { name: &quot;hue-global-search&quot;, params: params }\\"><script type=\\"text/html\\" id=\\"top-search-autocomp-item\\">
    <a href=\\"javascript:void(0);\\">
      <div>
        <div><i class=\\"fa fa-fw\\" data-bind=\\"css: icon\\"></i></div>
        <div>
          <div data-bind=\\"html: label, style: { 'padding-top': description ? 0 : '9px' }\\"></div>
          <!-- ko if: description -->
          <div data-bind=\\"html: description\\"></div>
          <!-- /ko -->
        </div>
      </div>
    </a>
  </script><script type=\\"text/html\\" id=\\"top-search-autocomp-no-match\\">
    <div style=\\"height: 30px;\\">
      <div>No match found</div>
    </div>
  </script><div class=\\"global-search-results global-search-empty\\" data-bind=\\"onClickOutside: onResultClickOutside\\">
    <div>No results found.</div>
  </div><div class=\\"global-search-results\\" data-bind=\\"onClickOutside: onResultClickOutside, style: { 'height' : heightWhenDragging }\\">
    <div class=\\"global-search-alternatives global-search-full-width\\" data-bind=\\"css: { 'global-search-full-width': !selectedResult() }, delayedOverflow\\" style=\\"position: relative\\">
      <!-- ko foreach: searchResultCategories --><!-- /ko -->
      <!-- ko hueSpinner: { spin: loading() && searchResultCategories().length > 0, inline: true } --><!-- /ko -->
    </div>
    <!-- ko with: selectedResult --><!--/ko -->
  </div></div>"
`;
