// Jest Snapshot v1, https://goo.gl/fbAQLP

exports[`ko.navTags.js should render component 1`] = `
"<div data-bind=\\"descendantsComplete: descendantsComplete, component: { name: &quot;nav-tags&quot;, params: params }\\"><div style=\\"width: 100%; height: 20px; left: 6px; position: relative;\\" data-bind=\\"hueSpinner: { spin: loading }\\"></div><div class=\\"hue-tags read-only-tags\\" style=\\"width: 100%\\" data-bind=\\"ifnot: loading, css: { 'read-only-tags': readOnly }\\">
   <textarea style=\\"width: 100%; display: none;\\" data-bind=\\"tagEditor: {
      emptyPlaceholder: 'Add tags...',
      readOnly: readOnly,
      hasErrors: hasErrors,
      errorMessage: 'Tags could not be loaded.',
      setTags: currentTags,
      overflowEllipsis: overflowEllipsis,
      onSave: saveTags.bind($data),
      validRegExp: '^[a-zA-z0-9_-]{1,50}$',
      invalidMessage: 'Tags can only contain 1 to 50 alphanumeric characters, _ or -.',
      load: getSelectizeTags
    }\\"></textarea><div style=\\"width: 100%\\" class=\\"selectize-control selectize-read-only multi\\" title=\\"testTag\\"><div class=\\"selectize-input items not-full has-options has-items\\"><div>testTag</div></div></div>
   <div class=\\"selectize-error\\" style=\\"display: none;\\"><i class=\\"fa fa-exclamation-triangle\\"></i> <span class=\\"message\\"></span></div>
  </div></div>"
`;
