// Jest Snapshot v1, https://goo.gl/fbAQLP

exports[`ko.sqlColumnsTable.js should render component 1`] = `
"<div data-bind=\\"descendantsComplete: descendantsComplete, component: { name: &quot;sql-columns-table&quot;, params: params }\\"><div class=\\"context-popover-flex\\">
      <div class=\\"context-popover-flex-header\\">
        <div class=\\"context-popover-header\\" style=\\"display:inline-block;\\">Columns (<span data-bind=\\"text: filteredColumns().length\\">0</span>)</div>
        <div class=\\"context-popover-inline-autocomplete\\">
          <div class=\\"context-popover-asterisk-filter\\">
            <!-- ko component: {
              name: 'inline-autocomplete',
              params: {
                querySpec: querySpec,
                facets: Object.keys(SQL_COLUMNS_KNOWN_FACET_VALUES),
                knownFacetValues: SQL_COLUMNS_KNOWN_FACET_VALUES,
                autocompleteFromEntries: autocompleteFromEntries
              }
            } --><div class=\\"inline-autocomp-container\\">
    <div>
      <!-- ko if: showMagnify --><!-- /ko-->
      <form autocomplete=\\"off\\">
        <input class=\\"inline-autocomp-input\\" autocorrect=\\"off\\" autocomplete=\\"do-not-autocomplete\\" autocapitalize=\\"off\\" spellcheck=\\"false\\" type=\\"text\\" data-bind=\\"
          attr: { 'placeHolder' : hasFocus() ? '' : placeHolder },
          textInput: searchInput,
          hasFocus: hasFocus,
          clearable: { value: searchInput, onClear: onClear },
          css: { 'inline-autocomp-magnify-input': showMagnify }\\" placeholder=\\"Filter...\\">
        <input class=\\"inline-autocomp-autocomp\\" disabled=\\"\\" type=\\"text\\" autocomplete=\\"do-not-autocomplete\\" data-bind=\\"
          value: inlineAutocomplete,
          css: { 'inline-autocomp-magnify-input': showMagnify }\\">
      </form>
    </div>
  </div><div class=\\"hue-drop-down-container hue-drop-down-fixed\\" data-bind=\\"event: { 'mousedown': facetDropDownMouseDown }, css: { 'open' : facetDropDownVisible() }, dropDownKeyUp: { onEsc: facetDropDownOnEsc, onEnter: facetDropDownOnEnter, onSelected: facetDropDownOnSelected, dropDownVisible: facetDropDownVisible }\\">
    <div class=\\"dropdown-menu\\" style=\\"overflow-y: auto; display: none;\\" data-bind=\\"visible: facetSuggestions().length > 0\\">
      <ul class=\\"hue-inner-drop-down\\" data-bind=\\"foreach: facetSuggestions\\"></ul>
    </div>
  </div><!-- /ko -->
          </div>
        </div>
      </div>
      <div class=\\"context-popover-flex-fill sql-columns-table\\" style=\\"position:relative; height: 100%; overflow-y: auto;\\">
        <div style=\\"position: relative; width: 100%; height: 0px;\\" class=\\"foreach-wrapper\\"><table id=\\"sqlColumnsTable\\" style=\\"width: 100%; position: absolute; top: 0px;\\" class=\\"table table-condensed table-nowrap\\">
          <!-- ko if: filteredColumns().length !== 0 --><!-- /ko -->
          <tbody data-bind=\\"foreachVisible: { data: filteredColumns, minHeight: 29, container: '.sql-columns-table', pubSubDispose: 'context.popover.dispose' }\\"></tbody>
        </table></div>
        <div class=\\"context-popover-empty-columns\\" data-bind=\\"visible: filteredColumns().length === 0\\">No columns found</div>
      </div>
    </div></div>"
`;
