// Jest Snapshot v1, https://goo.gl/fbAQLP

exports[`ko.shareGistModal.js should render component 1`] = `
"<html><head></head><body class=\\"modal-open\\"><div id=\\"shareGistModal\\" data-bind=\\"descendantsComplete: descendantsComplete, component: { name: 'share-gist-modal', params: params }\\" data-keyboard=\\"true\\" class=\\"modal hide fade in\\" tabindex=\\"-1\\" aria-hidden=\\"false\\">
  <div class=\\"modal-header\\">
    <button type=\\"button\\" class=\\"close\\" data-dismiss=\\"modal\\" aria-label=\\"Close\\"><span aria-hidden=\\"true\\">×</span></button>
    <h2 class=\\"modal-title\\">Shareable link</h2>
  </div>
  <div class=\\"modal-body\\">
    <div class=\\"row-fluid\\">
      <div class=\\"input-append\\">
        <form autocomplete=\\"off\\">
          <input id=\\"gistLink\\" style=\\"width: 510px\\" autocorrect=\\"off\\" autocomplete=\\"do-not-autocomplete\\" autocapitalize=\\"off\\" spellcheck=\\"false\\" onfocus=\\"this.select()\\" data-bind=\\"value: link\\" type=\\"text\\" placeholder=\\"Link\\" readonly=\\"readonly\\">
          <button class=\\"btn\\" type=\\"button\\" data-dismiss=\\"modal\\" data-clipboard-target=\\"#gistLink\\" data-bind=\\"clipboard\\"><i class=\\"fa fa-clipboard\\"></i></button>
        </form>
      </div>
    </div>
    <!-- ko if: window.SHARE_TO_SLACK --><!-- /ko -->
  </div>
  <div class=\\"modal-footer\\">
    <a class=\\"btn\\" data-dismiss=\\"modal\\">Close</a>
  </div>
</div><div class=\\"modal-backdrop fade in\\"></div></body></html>"
`;
