// Jest Snapshot v1, https://goo.gl/fbAQLP

exports[`DagGraph.vue should render 1`] = `
<div
  class="dag-view-container"
>
  <div
    class="svg-container"
  >
    <svg>
      <defs>
        <rect
          class="vertex-node-bg"
          height="30"
          id="vertex-bg"
          rx="5"
          ry="5"
          style="fill: url(/hue#vertex-grad); filter: url(/hue#grey-glow);"
          width="80"
          x="-40"
          y="-15"
        />
        <rect
          class="input-node-bg"
          height="30"
          id="input-bg"
          rx="15"
          ry="15"
          style="fill: url(/hue#input-grad); filter: url(/hue#grey-glow);"
          width="80"
          x="-40"
          y="-15"
        />
        <rect
          class="output-node-bg"
          height="30"
          id="output-bg"
          rx="15"
          ry="15"
          style="fill: url(/hue#output-grad); filter: url(/hue#grey-glow);"
          width="80"
          x="-40"
          y="-15"
        />
        <circle
          class="task-bubble-bg"
          id="task-bubble"
          r="10"
          style="fill: url(/hue#task-grad); filter: url(/hue#grey-glow);"
        />
        <circle
          class="input-node-bg"
          id="io-bubble"
          r="10"
          style="fill: url(/hue#input-grad); filter: url(/hue#grey-glow);"
        />
        <circle
          class="group-bubble-bg"
          id="group-bubble"
          r="8"
          style="fill: url(/hue#group-grad); filter: url(/hue#grey-glow);"
        />
        <marker
          id="arrow-marker"
          markerHeight="2"
          markerWidth="2"
          orient="auto"
          viewBox="0 -5 10 10"
        >
          <path
            d="M0,-5L10,0L0,5"
            style="fill:#aaa;"
          />
        </marker>
        <radialgradient
          cx="50%"
          cy="50%"
          fx="50%"
          fy="50%"
          id="vertex-grad"
          r="100%"
        >
          <stop
            offset="0%"
            style="stop-color:#b0c4de;"
          />
          <stop
            offset="100%"
            style="stop-color:#769ccd;"
          />
        </radialgradient>
        <radialgradient
          cx="50%"
          cy="50%"
          fx="50%"
          fy="50%"
          id="input-grad"
          r="100%"
        >
          <stop
            offset="0%"
            style="stop-color:#adff2e;"
          />
          <stop
            offset="100%"
            style="stop-color:#91d723;"
          />
        </radialgradient>
        <radialgradient
          cx="50%"
          cy="50%"
          fx="50%"
          fy="50%"
          id="output-grad"
          r="100%"
        >
          <stop
            offset="0%"
            style="stop-color:#fa8072;"
          />
          <stop
            offset="100%"
            style="stop-color:#d26457;"
          />
        </radialgradient>
        <radialgradient
          cx="50%"
          cy="50%"
          fx="50%"
          fy="50%"
          id="task-grad"
          r="100%"
        >
          <stop
            offset="0%"
            style="stop-color:#d0bfd1;"
          />
          <stop
            offset="100%"
            style="stop-color:#af8fb1;"
          />
        </radialgradient>
        <radialgradient
          cx="50%"
          cy="50%"
          fx="50%"
          fy="50%"
          id="group-grad"
          r="100%"
        >
          <stop
            offset="0%"
            style="stop-color:#bbbbbb;"
          />
          <stop
            offset="100%"
            style="stop-color:#999999;"
          />
        </radialgradient>
        <filter
          id="grey-glow"
        >
          <fecolormatrix
            type="matrix"
            values="0 0 0 0   0
                      0 0 0 0   0
                      0 0 0 0   0
                      0 0 0 0.3 0"
          />
          <fegaussianblur
            result="coloredBlur"
            stdDeviation="2.5"
          />
          <femerge>
            <femergenode
              in="coloredBlur"
            />
            <femergenode
              in="SourceGraphic"
            />
          </femerge>
        </filter>
      </defs>
      <g
        transform="translate(30,30)"
      >
        <path
          class="link "
          d="M 0 0 Q 0 0 0 0 Q 0 0 0 0"
          style="marker-mid: url(/hue#arrow-marker);"
        />
        <path
          class="link scatter_gather"
          d="M 0 0 Q 0 0 0 0 Q 0 0 0 0"
          style="marker-mid: url(/hue#arrow-marker);"
        />
        <path
          class="link broadcast"
          d="M 0 0 Q 0 0 0 0 Q 0 0 0 0"
          style="marker-mid: url(/hue#arrow-marker);"
        />
        <path
          class="link "
          d="M 0 0 Q 0 0 0 0 Q 0 0 0 0"
          style="marker-mid: url(/hue#arrow-marker);"
        />
        <path
          class="link "
          d="M 0 0 Q 0 0 0 0 Q 0 0 0 0"
          style="marker-mid: url(/hue#arrow-marker);"
        />
        <g
          style="opacity: 0.000001;"
          transform="translate(0,0)"
        />
        <g
          class="node output"
          style="opacity: 0.000001;"
          transform="translate(0,0)"
        >
          <use
            href="#output-bg"
          />
          <text
            class="title"
          >
            out_Reducer..
          </text>
        </g>
        <g
          style="opacity: 0.000001;"
          transform="translate(0,0)"
        />
        <g
          class="node vertex"
          style="opacity: 0.000001;"
          transform="translate(0,0)"
        >
          <use
            href="#vertex-bg"
          />
          <text
            class="title"
          >
            Reducer 2
          </text>
          <g
            class="status-bar"
          >
            <foreignobject
              class="status"
              height="15"
              width="70"
            >
              <span
                class="msg-container"
              >
                SUCCEEDED
              </span>
            </foreignobject>
          </g>
          <g
            class="task-bubble"
          >
            <use
              href="#task-bubble"
            />
            <text>
              1
            </text>
          </g>
          <g
            class="io-bubble"
          >
            <use
              href="#io-bubble"
            />
            <text>
              0/1
            </text>
          </g>
        </g>
        <g
          class="node vertex"
          style="opacity: 0.000001;"
          transform="translate(0,0)"
        >
          <use
            href="#vertex-bg"
          />
          <text
            class="title"
          >
            Map 1
          </text>
          <g
            class="status-bar"
          >
            <foreignobject
              class="status"
              height="15"
              width="70"
            >
              <span
                class="msg-container"
              >
                SUCCEEDED
              </span>
            </foreignobject>
          </g>
          <g
            class="task-bubble"
          >
            <use
              href="#task-bubble"
            />
            <text>
              0
            </text>
          </g>
          <g
            class="io-bubble"
          >
            <use
              href="#io-bubble"
            />
            <text>
              1/0
            </text>
          </g>
        </g>
        <g
          class="node vertex"
          style="opacity: 0.000001;"
          transform="translate(0,0)"
        >
          <use
            href="#vertex-bg"
          />
          <text
            class="title"
          >
            Map 3
          </text>
          <g
            class="status-bar"
          >
            <foreignobject
              class="status"
              height="15"
              width="70"
            >
              <span
                class="msg-container"
              >
                SUCCEEDED
              </span>
            </foreignobject>
          </g>
          <g
            class="task-bubble"
          >
            <use
              href="#task-bubble"
            />
            <text>
              0
            </text>
          </g>
          <g
            class="io-bubble"
          >
            <use
              href="#io-bubble"
            />
            <text>
              1/0
            </text>
          </g>
        </g>
        <g
          class="node input"
          style="opacity: 0.000001;"
          transform="translate(0,0)"
        >
          <use
            href="#input-bg"
          />
          <text
            class="title"
          >
            productcate..
          </text>
        </g>
        <g
          class="node input"
          style="opacity: 0.000001;"
          transform="translate(0,0)"
        >
          <use
            href="#input-bg"
          />
          <text
            class="title"
          >
            product
          </text>
        </g>
        <g
          style="opacity: 0.000001;"
          transform="translate(0,0)"
        />
      </g>
    </svg>
  </div>
  <div
    class="button-panel"
  >
    <em
      class="tgl-additionals fa fa-circle"
      title="Toggle source/sink visibility"
    />
    <em
      class="tgl-orientation fa fa-share-alt fa-rotate-180"
      title="Toggle orientation"
    />
    <em
      class="fit-graph fa fa-arrows-alt"
      title="Fit DAG to viewport"
    />
    <em
      class="tgl-fullscreen fa fa-expand"
      title="Toggle fullscreen"
    />
  </div>
  <div
    class="tool-tip"
  >
    <div
      class="bubble"
    >
      <div
        class="tip-title"
      >
        Title
      </div>
      <div
        class="tip-text"
      />
      <div
        class="tip-list"
      />
    </div>
  </div>
</div>
`;
