// Jest Snapshot v1, https://goo.gl/fbAQLP

exports[`VisualExplain.vue should render 1`] = `
<div
  class="visual-explain-container"
>
  <div
    class="button-container"
  >
    <button
      class="btn btn-default"
      title="Full screen"
    >
      <em
        class="fa fa-expand"
      />
    </button>
     
    <button
      class="download-button btn btn-default"
      title="Download explain JSON"
    >
      <em
        aria-hidden="true"
        class="fa fa-download"
      />
    </button>
  </div>
   
  <div
    class="explain-container"
  />
   
  <!---->
</div>
`;
