// Jest Snapshot v1, https://goo.gl/fbAQLP

exports[`QueryTable.vue should render 1`] = `
<div
  class="query-table"
>
  <div
    class="query-table-actions"
  >
    <search-input-stub
      placeholder="Search..."
      showmagnify="true"
    />
     
    <hue-button-stub>
      
      Columns
    
    </hue-button-stub>
     
    <hue-button-stub
      class="compare-button"
      disabled="true"
    >
      
      Compare
    
    </hue-button-stub>
  </div>
   
  <div
    class="query-table-container"
  >
    <!---->
     
    <div
      class="query-table-right-panel"
    >
      <div
        class="table-container"
      >
        <hue-table-stub
          columns=""
          rows=""
        />
      </div>
    </div>
  </div>
   
  <paginator-stub
    totalentries="0"
  />
</div>
`;
