// Jest Snapshot v1, https://goo.gl/fbAQLP

exports[`QueryTable.vue should render 1`] = `
<div
  class="table-component"
>
  <hue-button-stub
    disabled="true"
  >
    
    Compare
  
  </hue-button-stub>
   
  <div
    class="left-panel"
  >
    <div
      class="refine-header"
    >
      
        Refine
        
      <i
        class="fa fa-spinner fa-pulse fa-fw"
      />
       
      <i
        class="fa fa-plus"
        title="Customize"
      />
    </div>
  </div>
   
  <div
    class="table"
  >
    <hue-table-stub
      columns=""
      rows=""
    />
  </div>
   
  <paginator-stub
    totalentries="0"
  />
</div>
`;
