// Jest Snapshot v1, https://goo.gl/fbAQLP

exports[`VisualExplain.vue should render 1`] = `
<div
  class="visual-explain-container"
  queries="[object Object]"
>
  <div
    class="visual-explain-header"
  >
    <h2>
      Reder failed!
    </h2>
  </div>
   
  <div
    class="explain-container"
  />
   
  <!---->
</div>
`;
