// Jest Snapshot v1, https://goo.gl/fbAQLP

exports[`QueryTable.vue should render 1`] = `
<div
  class="query-table"
>
  <div
    class="query-table-actions"
  >
    <search-input-stub
      placeholder="Search..."
      showmagnify="true"
      value=""
    />
     
    <div
      class="query-table-filters"
    >
      <hue-icon-stub
        type="hi-filter"
      />
       Filter by:
      
      <status-facet-stub />
       
      <date-range-picker-stub />
       
      <hue-link-stub
        class="clear-link"
      >
        Clear All
      </hue-link-stub>
    </div>
     
    <div
      class="query-table-actions-right"
    >
      <hue-button-stub>
        
        Columns
      
      </hue-button-stub>
       
      <hue-button-stub
        disabled="true"
      >
        
        Compare
      
      </hue-button-stub>
       
      <hue-button-stub
        disabled="true"
      >
        
        Kill
      
      </hue-button-stub>
    </div>
  </div>
   
  <div
    class="query-table-container"
  >
    <!---->
     
    <div
      class="query-table-right-panel"
    >
      <div
        class="table-container"
      >
        <hue-table-stub
          columns=""
          rows=""
        />
      </div>
    </div>
  </div>
   
  <paginator-stub
    totalentries="0"
  />
</div>
`;
