// Jest Snapshot v1, https://goo.gl/fbAQLP

exports[`StatusFacet.vue should render 1`] = `
<div
  class="hue-dropdown-panel"
>
  <button
    class="btn"
    type="button"
  >
     Status: None 
    <i
      class="fa fa-caret-down"
    />
  </button>
   
  <div
    class="hue-dropdown-container"
  >
    <div
      class="hue-dropdown-inner"
    >
      <div
        class="status-facet"
      >
        <div
          class="status-list-entry"
        >
          <label>
            <input
              type="checkbox"
            />
             
            <span>
              Select all
            </span>
          </label>
        </div>
         
        <div
          class="facet-selection"
        >
          <div
            class="status-list-entry"
          >
            <label>
              <input
                type="checkbox"
                value="[object Object]"
              />
              
            Started
          
            </label>
          </div>
          <div
            class="status-list-entry"
          >
            <label>
              <input
                type="checkbox"
                value="[object Object]"
              />
              
            Running
          
            </label>
          </div>
          <div
            class="status-list-entry"
          >
            <label>
              <input
                type="checkbox"
                value="[object Object]"
              />
              
            Success
          
            </label>
          </div>
          <div
            class="status-list-entry"
          >
            <label>
              <input
                type="checkbox"
                value="[object Object]"
              />
              
            Error
          
            </label>
          </div>
        </div>
         
        <div
          class="status-facet-actions"
        >
          <hue-link-stub>
            Cancel
          </hue-link-stub>
           
          <hue-button-stub
            disabled="true"
            primary="true"
            small="true"
          >
            
          Apply
        
          </hue-button-stub>
        </div>
      </div>
    </div>
  </div>
</div>
`;
