// Jest Snapshot v1, https://goo.gl/fbAQLP

exports[`QueryTable.vue should render 1`] = `
<div
  class="query-table"
>
  <!-- &lt;queries-search :searches="searches" :table-definition="tableDefinition" /&gt; -->
  <div
    class="query-table-actions"
  >
    <search-input-stub
      placeholder="Query text or Query/DAG/App ID"
      show-magnify="false"
      value=""
    />
    <hue-button-stub />
    <div
      class="query-table-filters"
    >
      <hue-icon-stub
        type="hi-filter"
      />
       Filter by: 
      <facet-selector-stub
        facet="[object Object]"
        field-label="Status"
        value-labels="[object Object]"
      />
      <date-range-picker-stub />
      <hue-link-stub
        class="clear-link"
      />
      <hue-link-stub
        class="columns-link"
      />
    </div>
    <div
      class="query-table-actions-right"
    >
      <hue-button-stub
        disabled="true"
      />
      <query-kill-button-stub
        queries=""
      />
      <hue-button-stub />
    </div>
  </div>
  <div
    class="query-table-container"
  >
    <!--v-if-->
    <div
      class="query-table-right-panel"
    >
      <hue-table-stub
        columns=""
        rows=""
      />
    </div>
  </div>
  <paginator-stub
    total-entries="0"
  />
</div>
`;
