// Jest Snapshot v1, https://goo.gl/fbAQLP

exports[`QueryTable.vue should render 1`] = `
<div
  class="query-table"
>
  <div
    class="query-table-actions"
  >
    <search-input-stub
      placeholder="Query text or Query/DAG/App ID"
      value=""
    />
     
    <hue-button-stub>
      <em
        class="fa fa-search"
      />
    </hue-button-stub>
     
    <div
      class="query-table-filters"
    >
      <hue-icon-stub
        type="hi-filter"
      />
       Filter by:
      
      <facet-selector-stub
        facet="[object Object]"
        fieldlabel="Status"
        valuelabels="[object Object]"
      />
       
      <facet-selector-stub
        disabled="true"
        facet="[object Object]"
        fieldlabel="User"
        valuelabels="[object Object]"
      />
       
      <date-range-picker-stub />
       
      <hue-link-stub
        class="clear-link"
      >
        Clear All
      </hue-link-stub>
       
      <hue-link-stub
        class="columns-link"
      >
        
        Columns
      
      </hue-link-stub>
    </div>
     
    <div
      class="query-table-actions-right"
    >
      <hue-button-stub
        disabled="true"
      >
        
        Compare
      
      </hue-button-stub>
       
      <querykillbutton-stub
        queries=""
      />
    </div>
  </div>
   
  <div
    class="query-table-container"
  >
    <!---->
     
    <div
      class="query-table-right-panel"
    >
      <hue-table-stub
        columns=""
        rows=""
      />
    </div>
  </div>
   
  <paginator-stub
    totalentries="0"
  />
</div>
`;
