// Jest Snapshot v1, https://goo.gl/fbAQLP

exports[`QueryDiff.vue should render 1`] = `
<div
  class="query-diff"
>
  <div
    style="clear: both;"
  />
   
  <div
    class="target"
    id="query-details"
  >
    <div
      class="diff-panel"
    >
      <query-info-stub
        query="[object Object]"
        title="A"
      />
    </div>
     
    <div
      class="diff-panel"
    >
      <query-info-stub
        query="[object Object]"
        title="B"
      />
    </div>
     
    <div
      class="query-diff-highlighter"
      style="clear: both;"
    >
      <query-text-diff-stub
        queryone="select count(*) from product LEFT JOIN productcategories ON product.id = productcategories.id"
        querytwo="[object Object]"
      />
    </div>
  </div>
   
  <query-visual-explain-stub
    queries="[object Object],[object Object]"
  />
   
  <query-config-stub
    queries="[object Object],[object Object]"
    title="Configurations"
  />
   
  <query-timeline-stub
    queries="[object Object],[object Object]"
  />
   
  <div
    class="target detail-panel dag-panel"
    id="dag-panel"
  >
    <div
      class="row"
    >
      <div
        class="col-xs-6"
      >
        <!---->
      </div>
       
      <div
        class="col-xs-6"
      >
        <!---->
      </div>
    </div>
     
    <tabs-stub>
      <tab-stub
        title="DAG SWIMLANE"
      >
        <dagswimlane-stub
          consolidate="true"
          dag="[object Object]"
        />
      </tab-stub>
       
      <tab-stub
        title="DAG FLOW"
      >
        <daggraph-stub
          dag="[object Object]"
        />
      </tab-stub>
       
      <tab-stub
        title="DAG COUNTERS"
      >
        <counterstable-stub
          counters=""
        />
      </tab-stub>
       
      <tab-stub
        title="DAG CONFIGURATIONS"
      >
        <dag-configs-stub
          queries="[object Object],[object Object]"
          title="Configurations"
        />
      </tab-stub>
    </tabs-stub>
  </div>
</div>
`;
